
===========================================================================
 report_power
============================================================================
======================= Fastest Corner ===================================

Group                  Internal  Switching    Leakage      Total
                          Power      Power      Power      Power (Watts)
----------------------------------------------------------------
Sequential             5.16e-04   3.97e-05   2.08e-08   5.56e-04  47.5%
Combinational          3.24e-04   2.91e-04   5.51e-09   6.15e-04  52.5%
Macro                  0.00e+00   0.00e+00   0.00e+00   0.00e+00   0.0%
Pad                    0.00e+00   0.00e+00   0.00e+00   0.00e+00   0.0%
----------------------------------------------------------------
Total                  8.40e-04   3.31e-04   2.63e-08   1.17e-03 100.0%
                          71.8%      28.2%       0.0%

======================= Slowest Corner ===================================

Group                  Internal  Switching    Leakage      Total
                          Power      Power      Power      Power (Watts)
----------------------------------------------------------------
Sequential             3.46e-04   2.59e-05   1.57e-06   3.74e-04  46.6%
Combinational          2.37e-04   1.88e-04   2.42e-06   4.28e-04  53.4%
Macro                  0.00e+00   0.00e+00   0.00e+00   0.00e+00   0.0%
Pad                    0.00e+00   0.00e+00   0.00e+00   0.00e+00   0.0%
----------------------------------------------------------------
Total                  5.83e-04   2.14e-04   3.99e-06   8.01e-04 100.0%
                          72.8%      26.7%       0.5%

======================= Typical Corner ===================================

Group                  Internal  Switching    Leakage      Total
                          Power      Power      Power      Power (Watts)
----------------------------------------------------------------
Sequential             4.45e-04   3.33e-05   2.01e-08   4.78e-04  47.2%
Combinational          2.90e-04   2.45e-04   2.74e-09   5.34e-04  52.8%
Macro                  0.00e+00   0.00e+00   0.00e+00   0.00e+00   0.0%
Pad                    0.00e+00   0.00e+00   0.00e+00   0.00e+00   0.0%
----------------------------------------------------------------
Total                  7.35e-04   2.78e-04   2.28e-08   1.01e-03 100.0%
                          72.6%      27.4%       0.0%

