
===========================================================================
report_checks -unconstrained
===========================================================================
======================= Typical Corner ===================================

Startpoint: _888_ (rising edge-triggered flip-flop clocked by clk)
Endpoint: pwm2_out (output port clocked by clk)
Path Group: clk
Path Type: max

Fanout     Cap    Slew   Delay    Time   Description
-----------------------------------------------------------------------------
                          0.00    0.00   clock clk (rise edge)
                          0.00    0.00   clock source latency
                  0.04    0.03    0.03 ^ clk (in)
     1    0.01                           clk (net)
                  0.04    0.00    0.03 ^ clkbuf_0_clk/A (sky130_fd_sc_hd__clkbuf_16)
                  0.08    0.17    0.20 ^ clkbuf_0_clk/X (sky130_fd_sc_hd__clkbuf_16)
     8    0.06                           clknet_0_clk (net)
                  0.08    0.00    0.20 ^ clkbuf_3_3__f_clk/A (sky130_fd_sc_hd__clkbuf_16)
                  0.05    0.15    0.35 ^ clkbuf_3_3__f_clk/X (sky130_fd_sc_hd__clkbuf_16)
    15    0.03                           clknet_3_3__leaf_clk (net)
                  0.05    0.00    0.35 ^ _888_/CLK (sky130_fd_sc_hd__dfxtp_1)
                  0.07    0.34    0.69 ^ _888_/Q (sky130_fd_sc_hd__dfxtp_1)
     3    0.01                           p2.counter[1] (net)
                  0.07    0.00    0.69 ^ hold21/A (sky130_fd_sc_hd__dlygate4sd3_1)
                  0.09    0.60    1.29 ^ hold21/X (sky130_fd_sc_hd__dlygate4sd3_1)
     2    0.01                           net31 (net)
                  0.09    0.00    1.29 ^ _507_/A (sky130_fd_sc_hd__inv_2)
                  0.03    0.05    1.34 v _507_/Y (sky130_fd_sc_hd__inv_2)
     3    0.01                           _171_ (net)
                  0.03    0.00    1.34 v _509_/A2 (sky130_fd_sc_hd__a22o_1)
                  0.04    0.22    1.56 v _509_/X (sky130_fd_sc_hd__a22o_1)
     1    0.00                           _173_ (net)
                  0.04    0.00    1.56 v _513_/A1 (sky130_fd_sc_hd__a21o_1)
                  0.03    0.15    1.71 v _513_/X (sky130_fd_sc_hd__a21o_1)
     1    0.00                           _177_ (net)
                  0.03    0.00    1.71 v _514_/C1 (sky130_fd_sc_hd__o221a_1)
                  0.04    0.11    1.82 v _514_/X (sky130_fd_sc_hd__o221a_1)
     1    0.00                           _178_ (net)
                  0.04    0.00    1.82 v _517_/B1 (sky130_fd_sc_hd__o221a_1)
                  0.04    0.22    2.04 v _517_/X (sky130_fd_sc_hd__o221a_1)
     1    0.00                           _181_ (net)
                  0.04    0.00    2.04 v _518_/B2 (sky130_fd_sc_hd__o22a_1)
                  0.04    0.15    2.20 v _518_/X (sky130_fd_sc_hd__o22a_1)
     1    0.00                           _182_ (net)
                  0.04    0.00    2.20 v _519_/B1 (sky130_fd_sc_hd__a21o_1)
                  0.03    0.15    2.34 v _519_/X (sky130_fd_sc_hd__a21o_1)
     1    0.00                           net10 (net)
                  0.03    0.00    2.34 v output10/A (sky130_fd_sc_hd__buf_2)
                  0.09    0.18    2.52 v output10/X (sky130_fd_sc_hd__buf_2)
     1    0.03                           pwm2_out (net)
                  0.09    0.00    2.52 v pwm2_out (out)
                                  2.52   data arrival time

                         10.00   10.00   clock clk (rise edge)
                          0.00   10.00   clock network delay (propagated)
                         -0.25    9.75   clock uncertainty
                          0.00    9.75   clock reconvergence pessimism
                         -2.00    7.75   output external delay
                                  7.75   data required time
-----------------------------------------------------------------------------
                                  7.75   data required time
                                 -2.52   data arrival time
-----------------------------------------------------------------------------
                                  5.23   slack (MET)




===========================================================================
report_checks --slack_max -0.01
============================================================================
======================= Typical Corner ===================================

No paths found.


===========================================================================
 report_check_types -max_slew -max_cap -max_fanout -violators
============================================================================
======================= Typical Corner ===================================

max fanout

Pin                                   Limit Fanout  Slack
---------------------------------------------------------
clkbuf_3_4__f_clk/X                      10     16     -6 (VIOLATED)
clkbuf_3_3__f_clk/X                      10     15     -5 (VIOLATED)
clkbuf_3_0__f_clk/X                      10     14     -4 (VIOLATED)
clkbuf_3_6__f_clk/X                      10     14     -4 (VIOLATED)
clkbuf_3_5__f_clk/X                      10     13     -3 (VIOLATED)
clkbuf_3_1__f_clk/X                      10     11        (VIOLATED)



===========================================================================
report_parasitic_annotation -report_unannotated
============================================================================
Found 656 unannotated drivers.
 clk
 enc0_a
 enc0_b
 enc1_a
 enc1_b
 enc2_a
 enc2_b
 reset
 _442_/X
 _443_/X
 _444_/X
 _445_/X
 _446_/X
 _447_/X
 _448_/X
 _449_/X
 _450_/X
 _451_/X
 _452_/X
 _453_/X
 _454_/X
 _455_/X
 _456_/X
 _457_/X
 _458_/X
 _459_/X
 _460_/X
 _461_/X
 _462_/X
 _463_/X
 _464_/X
 _465_/X
 _466_/Y
 _467_/X
 _468_/Y
 _469_/Y
 _470_/Y
 _471_/Y
 _472_/Y
 _473_/X
 _474_/Y
 _475_/X
 _476_/X
 _477_/X
 _478_/X
 _479_/X
 _480_/X
 _481_/X
 _482_/X
 _483_/Y
 _484_/Y
 _485_/X
 _486_/Y
 _487_/Y
 _488_/Y
 _489_/Y
 _490_/Y
 _491_/X
 _492_/Y
 _493_/X
 _494_/X
 _495_/X
 _496_/X
 _497_/X
 _498_/X
 _499_/X
 _500_/X
 _501_/Y
 _502_/Y
 _503_/X
 _504_/Y
 _505_/Y
 _506_/Y
 _507_/Y
 _508_/Y
 _509_/X
 _510_/Y
 _511_/X
 _512_/X
 _513_/X
 _514_/X
 _515_/X
 _516_/X
 _517_/X
 _518_/X
 _519_/X
 _520_/X
 _521_/X
 _522_/X
 _523_/X
 _524_/X
 _525_/X
 _526_/X
 _527_/X
 _528_/X
 _529_/X
 _530_/X
 _531_/X
 _532_/X
 _533_/X
 _534_/X
 _535_/X
 _536_/X
 _537_/X
 _538_/X
 _539_/Y
 _540_/X
 _541_/X
 _542_/Y
 _543_/X
 _544_/Y
 _545_/Y
 _546_/X
 _547_/Y
 _548_/X
 _549_/Y
 _550_/Y
 _551_/X
 _552_/X
 _553_/Y
 _554_/X
 _555_/X
 _556_/Y
 _557_/X
 _558_/X
 _559_/Y
 _560_/X
 _561_/Y
 _562_/Y
 _563_/X
 _564_/X
 _565_/X
 _566_/X
 _567_/X
 _568_/X
 _569_/X
 _570_/X
 _571_/X
 _572_/X
 _573_/X
 _574_/X
 _575_/X
 _576_/X
 _577_/X
 _578_/X
 _579_/X
 _580_/X
 _581_/X
 _582_/X
 _583_/X
 _584_/X
 _585_/X
 _586_/X
 _587_/X
 _588_/X
 _589_/X
 _590_/X
 _591_/X
 _592_/X
 _593_/X
 _594_/X
 _595_/X
 _596_/X
 _597_/X
 _598_/X
 _599_/X
 _600_/X
 _601_/X
 _602_/X
 _603_/Y
 _604_/X
 _605_/X
 _606_/X
 _607_/Y
 _608_/Y
 _609_/Y
 _610_/X
 _611_/Y
 _612_/X
 _613_/Y
 _614_/X
 _615_/X
 _616_/X
 _617_/X
 _618_/X
 _619_/Y
 _620_/X
 _621_/Y
 _622_/Y
 _623_/X
 _624_/Y
 _625_/X
 _626_/Y
 _627_/X
 _628_/X
 _629_/Y
 _630_/X
 _631_/Y
 _632_/X
 _633_/Y
 _634_/X
 _635_/X
 _636_/Y
 _637_/Y
 _638_/X
 _639_/X
 _640_/Y
 _641_/Y
 _642_/Y
 _643_/Y
 _644_/X
 _645_/X
 _646_/X
 _647_/Y
 _648_/X
 _649_/X
 _650_/Y
 _651_/X
 _652_/Y
 _653_/Y
 _654_/X
 _655_/X
 _656_/X
 _657_/X
 _658_/X
 _659_/X
 _660_/X
 _661_/X
 _662_/X
 _663_/X
 _664_/X
 _665_/X
 _666_/X
 _667_/X
 _668_/X
 _669_/X
 _670_/X
 _671_/X
 _672_/X
 _673_/X
 _674_/X
 _675_/X
 _676_/X
 _677_/X
 _678_/X
 _679_/X
 _680_/X
 _681_/X
 _682_/X
 _683_/X
 _684_/X
 _685_/X
 _686_/X
 _687_/X
 _688_/X
 _689_/X
 _690_/X
 _691_/X
 _692_/X
 _693_/X
 _694_/X
 _695_/X
 _696_/X
 _697_/X
 _698_/X
 _699_/X
 _700_/Y
 _701_/X
 _702_/X
 _703_/X
 _704_/Y
 _705_/Y
 _706_/Y
 _707_/X
 _708_/Y
 _709_/X
 _710_/Y
 _711_/X
 _712_/X
 _713_/X
 _714_/X
 _715_/X
 _716_/Y
 _717_/X
 _718_/Y
 _719_/Y
 _720_/X
 _721_/Y
 _722_/X
 _723_/Y
 _724_/X
 _725_/X
 _726_/Y
 _727_/Y
 _728_/X
 _729_/Y
 _730_/X
 _731_/X
 _732_/Y
 _733_/Y
 _734_/X
 _735_/X
 _736_/Y
 _737_/Y
 _738_/Y
 _739_/Y
 _740_/X
 _741_/X
 _742_/X
 _743_/Y
 _744_/X
 _745_/X
 _746_/Y
 _747_/X
 _748_/Y
 _749_/Y
 _750_/X
 _751_/X
 _752_/Y
 _753_/Y
 _754_/X
 _755_/X
 _756_/Y
 _757_/Y
 _758_/X
 _759_/Y
 _760_/Y
 _761_/X
 _762_/Y
 _763_/X
 _764_/X
 _765_/Y
 _766_/X
 _767_/X
 _768_/Y
 _769_/X
 _770_/Y
 _771_/Y
 _772_/X
 _773_/X
 _774_/X
 _775_/X
 _776_/X
 _777_/X
 _778_/X
 _779_/X
 _780_/X
 _781_/X
 _782_/X
 _783_/X
 _784_/X
 _785_/X
 _786_/X
 _787_/X
 _788_/X
 _789_/X
 _790_/X
 _791_/X
 _792_/X
 _793_/X
 _794_/X
 _795_/X
 _796_/X
 _797_/X
 _798_/X
 _799_/X
 _800_/X
 _801_/X
 _802_/X
 _803_/X
 _804_/X
 _805_/X
 _806_/X
 _807_/X
 _808_/Y
 _809_/X
 _810_/X
 _811_/X
 _812_/X
 _813_/X
 _814_/X
 _815_/X
 _816_/X
 _817_/X
 _818_/Y
 _819_/X
 _820_/X
 _821_/X
 _822_/X
 _823_/X
 _824_/Y
 _825_/X
 _826_/X
 _827_/X
 _828_/X
 _829_/X
 _830_/Y
 _831_/X
 _832_/Y
 _833_/X
 _834_/X
 _835_/Y
 _836_/X
 _837_/Y
 _838_/X
 _839_/X
 _840_/Y
 _841_/Y
 _842_/X
 _843_/Y
 _844_/X
 _845_/X
 _846_/Y
 _847_/Y
 _848_/X
 _849_/X
 _850_/Y
 _851_/Y
 _852_/X
 _853_/Y
 _854_/Y
 _855_/Y
 _856_/X
 _857_/X
 _858_/X
 _859_/X
 _860_/X
 _861_/X
 _862_/X
 _863_/X
 _864_/Y
 _865_/X
 _866_/X
 _867_/Y
 _868_/Y
 _869_/X
 _870_/X
 _871_/Y
 _872_/Y
 _873_/X
 _874_/Y
 _875_/Y
 _876_/X
 _877_/Y
 _878_/X
 _879_/X
 _880_/Y
 _881_/X
 _882_/X
 _883_/Y
 _884_/X
 _885_/Y
 _886_/Y
 _887_/Q
 _888_/Q
 _889_/Q
 _890_/Q
 _891_/Q
 _892_/Q
 _893_/Q
 _894_/Q
 _895_/Q
 _896_/Q
 _897_/Q
 _898_/Q
 _899_/Q
 _900_/Q
 _901_/Q
 _902_/Q
 _903_/Q
 _904_/Q
 _905_/Q
 _906_/Q
 _907_/Q
 _908_/Q
 _909_/Q
 _910_/Q
 _911_/Q
 _912_/Q
 _913_/Q
 _914_/Q
 _915_/Q
 _916_/Q
 _917_/Q
 _918_/Q
 _919_/Q
 _920_/Q
 _921_/Q
 _922_/Q
 _923_/Q
 _924_/Q
 _925_/Q
 _926_/Q
 _927_/Q
 _928_/Q
 _929_/Q
 _930_/Q
 _931_/Q
 _932_/Q
 _933_/Q
 _934_/Q
 _935_/Q
 _936_/Q
 _937_/Q
 _938_/Q
 _939_/Q
 _940_/Q
 _941_/Q
 _942_/Q
 _943_/Q
 _944_/Q
 _945_/Q
 _946_/Q
 _947_/Q
 _948_/Q
 _949_/Q
 _950_/Q
 _951_/Q
 _952_/Q
 _953_/Q
 _954_/Q
 _955_/Q
 _956_/Q
 _957_/Q
 _958_/Q
 _959_/Q
 _960_/Q
 _961_/Q
 _962_/Q
 _963_/Q
 _964_/Q
 _965_/Q
 _966_/Q
 _967_/Q
 _968_/Q
 _969_/Q
 _970_/Q
 _971_/Q
 _972_/Q
 _973_/Q
 _974_/Q
 _975_/Q
 _976_/Q
 _977_/Q
 _978_/Q
 _979_/Q
 _980_/Q
 _981_/Q
 _982_/Q
 _983_/Q
 _984_/Q
 _985_/Q
 _986_/Q
 _987_/Q
 _988_/Q
 _989_/Q
 _990_/Q
 _991_/Q
 _992_/Q
 _993_/Q
 _994_/Q
 clkbuf_0_clk/X
 clkbuf_3_0__f_clk/X
 clkbuf_3_1__f_clk/X
 clkbuf_3_2__f_clk/X
 clkbuf_3_3__f_clk/X
 clkbuf_3_4__f_clk/X
 clkbuf_3_5__f_clk/X
 clkbuf_3_6__f_clk/X
 clkbuf_3_7__f_clk/X
 hold1/X
 hold10/X
 hold11/X
 hold12/X
 hold13/X
 hold14/X
 hold15/X
 hold16/X
 hold17/X
 hold18/X
 hold19/X
 hold2/X
 hold20/X
 hold21/X
 hold22/X
 hold23/X
 hold24/X
 hold25/X
 hold26/X
 hold27/X
 hold28/X
 hold29/X
 hold3/X
 hold30/X
 hold31/X
 hold32/X
 hold33/X
 hold34/X
 hold35/X
 hold36/X
 hold37/X
 hold38/X
 hold39/X
 hold4/X
 hold40/X
 hold41/X
 hold42/X
 hold43/X
 hold44/X
 hold45/X
 hold46/X
 hold47/X
 hold48/X
 hold49/X
 hold5/X
 hold50/X
 hold51/X
 hold52/X
 hold53/X
 hold54/X
 hold55/X
 hold56/X
 hold57/X
 hold58/X
 hold59/X
 hold6/X
 hold60/X
 hold61/X
 hold62/X
 hold63/X
 hold64/X
 hold65/X
 hold66/X
 hold67/X
 hold68/X
 hold69/X
 hold7/X
 hold70/X
 hold71/X
 hold72/X
 hold73/X
 hold74/X
 hold75/X
 hold76/X
 hold8/X
 hold9/X
 input1/X
 input2/X
 input3/X
 input4/X
 input5/X
 input6/X
 input7/X
 output10/X
 output8/X
 output9/X
Found 0 partially unannotated drivers.

===========================================================================
max slew violation count 0
max fanout violation count 6
max cap violation count 0
============================================================================

===========================================================================
check_setup -verbose -unconstrained_endpoints -multiple_clock -no_clock -no_input_delay -loops -generated_clocks
===========================================================================
Warning: There are 6 unclocked register/latch pins.
  _895_/GATE_N
  _896_/GATE_N
  _923_/GATE_N
  _932_/GATE_N
  _959_/GATE_N
  _968_/GATE_N
Warning: There are 6 unconstrained endpoints.
  _895_/D
  _896_/D
  _923_/D
  _932_/D
  _959_/D
  _968_/D
